 ⨯ Error: Cannot find module './948.js'
Require stack:
- E:\marketUSDA\.next\server\webpack-runtime.js
- E:\marketUSDA\.next\server\pages\_document.js
- E:\marketUSDA\node_modules\next\dist\server\require.js
- E:\marketUSDA\node_modules\next\dist\server\next-server.js
- E:\marketUSDA\node_modules\next\dist\server\next.js
- E:\marketUSDA\node_modules\next\dist\server\lib\start-server.js
- E:\marketUSDA\node_modules\next\dist\cli\next-start.js
    at Module.<anonymous> (node:internal/modules/cjs/loader:1421:15)
    at E:\marketUSDA\node_modules\next\dist\server\require-hook.js:55:36
    at defaultResolveImpl (node:internal/modules/cjs/loader:1059:19)
    at resolveForCJSWithHooks (node:internal/modules/cjs/loader:1064:22)
    at Module._load (node:internal/modules/cjs/loader:1227:37)
    at TracingChannel.traceSync (node:diagnostics_channel:328:14)
    at wrapModuleLoad (node:internal/modules/cjs/loader:245:24)
    at Module.<anonymous> (node:internal/modules/cjs/loader:1504:12)
    at mod.require (E:\marketUSDA\node_modules\next\dist\server\require-hook.js:65:28)
    at require (node:internal/modules/helpers:152:16) {
  code: 'MODULE_NOT_FOUND',
  requireStack: [
    'E:\\marketUSDA\\.next\\server\\webpack-runtime.js',
    'E:\\marketUSDA\\.next\\server\\pages\\_document.js',
    'E:\\marketUSDA\\node_modules\\next\\dist\\server\\require.js',
    'E:\\marketUSDA\\node_modules\\next\\dist\\server\\next-server.js',
    'E:\\marketUSDA\\node_modules\\next\\dist\\server\\next.js',
    'E:\\marketUSDA\\node_modules\\next\\dist\\server\\lib\\start-server.js',
    'E:\\marketUSDA\\node_modules\\next\\dist\\cli\\next-start.js'
  ]
}
